<html>
    <!-- Generated by XindeX 0.8.0 for Tester on 2016-01-21 -->
    <head>
        <meta http-equiv="Content-Type" content="text/html; charset=UTF-8"/>
        <title>Index</title>
    </head>
    <style>
    p { font-family: "Times New Roman"; font-size: "10pt"; }
    h2 { font-family: "Arial"; font-size: "11pt"; }
    .hi0 { padding-left: 3em; text-indent: -3em; }
    .hi1 { padding-left: 5em; text-indent: -3em; }
    .hi2 { padding-left: 7em; text-indent: -3em; }
    .hi3 { padding-left: 9em; text-indent: -3em; }
    .hi4 { padding-left: 11em; text-indent: -3em; }
    .hi5 { padding-left: 13em; text-indent: -3em; }
    .hi6 { padding-left: 15em; text-indent: -3em; }
    .hi7 { padding-left: 17em; text-indent: -3em; }
    .hi8 { padding-left: 19em; text-indent: -3em; }
    .hi9 { padding-left: 21em; text-indent: -3em; }
    </style>
<body>
<h1>Index</h1>
<p></p><h2>O</h2>
<p></p><p class="hi0">One, 1, 2, <b>3</b>, <i>15–20</i></p>
<p></p><h2>T</h2>
<p></p><p class="hi0">Two, 17<i>tbl</i>, <i>15–20</i></p>
</body></html>