Title: Index

O

One, 1, 2, 3, 15–20

T

Two, 17tbl, 15–20
