<html>
    <!-- Generated by XindeX 0.8.0 for Mark Summerfield on 2015-09-24 -->
    <head>
        <meta http-equiv="Content-Type" content="text/html; charset=UTF-8"/>
        <title>Index</title>
    </head>
    <style>
    p { font-family: "Times New Roman"; font-size: "13pt"; }
    h2 { font-family: "Times New Roman"; font-size: "13pt"; }
    .hi0 { padding-left: 3em; text-indent: -3em; }
    .hi1 { padding-left: 5em; text-indent: -3em; }
    .hi2 { padding-left: 7em; text-indent: -3em; }
    .hi3 { padding-left: 9em; text-indent: -3em; }
    .hi4 { padding-left: 11em; text-indent: -3em; }
    .hi5 { padding-left: 13em; text-indent: -3em; }
    .hi6 { padding-left: 15em; text-indent: -3em; }
    .hi7 { padding-left: 17em; text-indent: -3em; }
    .hi8 { padding-left: 19em; text-indent: -3em; }
    .hi9 { padding-left: 21em; text-indent: -3em; }
    </style>
<body>
<h1><span style="font-family: 'times new roman'; font-size: 16pt;">Index</span></h1>
<h2>Note</h2>
<p><span style="font-family: 'times new roman'; font-size: 13pt;"><i>Page numbers that end with ‘t’ refer to tables, and that end with ‘f’ refer to figures.</i></span></p>
<h2>Symbols &amp; Numbers</h2>
<p class="hi0">♞ black chess knight character, 21</p>
<p class="hi0">@ at symbol, 48, 52. <i>See also</i> class: decorator; function: decorators</p>
<h2>A</h2>
<p class="hi0">Atom format, 159</p>
<p class="hi0">atomic operations, 143</p>
<h2>B</h2>
<p class="hi0"><b>bold, </b><i>italic, </i><b><i>bold-italic</i></b>, 1</p>
<p class="hi0">bound method. <i>See</i> function. <i>See also</i> unbound method</p>
<p class="hi0"><span style="font-family: 'arial'; font-size: 13pt;">Bresenham’s line algorithm</span>, 130–31</p>
<h2>C</h2>
<p class="hi0">callback. <i>See</i> function: reference</p>
<p class="hi0">Charles I (king of England), 3–10, 71–72, 96–117</p>
<p class="hi0">Charles I (king of Portugal), 100–104, 1100–1113</p>
<p class="hi0">class</p>
<p class="hi1">attributes (<i>see also</i> special methods and under attribute names)</p>
<p class="hi2"><span style="font-family: 'dejavu sans mono'; font-size: 12pt;">__class__</span>, 25, 222</p>
<p class="hi2">decorator, 36, 48, 54–59 (<i>see also</i> function)</p>
<p class="hi3">Class, 21, 32–35</p>
<p class="hi2"><span style="font-family: 'dejavu sans mono'; font-size: 12pt;">__doc__</span>, 50</p>
<p class="hi1">dynamic creation, 20–24</p>
<p class="hi0">concatenation, tuple, 109</p>
<h2>D</h2>
<p class="hi0">docstring</p>
<h2>E</h2>
<p class="hi0"><i>e = mc</i><i><sup>2</sup></i>, 2</p>
<p class="hi0"><span style="font-family: 'dejavu sans mono'; font-size: 12pt;">eval()</span><span style="font-family: 'times new roman'; font-size: 13pt;"> (built-in)</span>, 20–21, 25, 84–88</p>
<h2>F</h2>
<p class="hi0">faculty clubs, 101–8, 808–33, 1103–4</p>
<p class="hi0">FBI (Federal Bureau of Investigation), 321–28, 498–532, 1087–89, 1496–500, 11564–615, 12991–3001</p>
<p class="hi0">Federal Bureau of Investigation (FBI), 321–28, 498–532, 1087–89, 1496–500, 11564–615, 12991–3001</p>
<p class="hi0">function</p>
<p class="hi1">arguments, 13, 50</p>
<p class="hi1">decorators, 48–53</p>
<p class="hi1">docstring (<i>see</i> docstring)</p>
<p class="hi1">nested, 58</p>
<p class="hi1">object, 63</p>
<p class="hi1">reference, 60–62, 70, 87, 112</p>
<h2>G</h2>
<p class="hi0">grab, 236</p>
<h2>H</h2>
<p class="hi0">hierarchy, object, 40–48</p>
<p class="hi0">hierarchy, ownership, 234</p>
<h2>I</h2>
<p class="hi0">interface checking, 30–32, 35–36</p>
<p class="hi0">inter-process communication (IPC), 141</p>
<p class="hi0">IPC (inter-process communication), 14</p>
<h2>J</h2>
<p class="hi0">JIT (Just In Time compiler), 179</p>
<p class="hi0"><b>JSON-RPC</b>, 204</p>
<p class="hi0">Just In Time compiler (JIT), 179</p>
<h2>K</h2>
<p class="hi0">keyboard handing, 234, 242, 249, 250, 252, 257, 258, 269, 272, 281</p>
<h2>L</h2>
<p class="hi0">line algorithm, Bresenham’s, 130–31</p>
<p class="hi0">lines, painting, 130–31, 271</p>
<p class="hi0">list comprehensions, 18, 38, 49, 80, 123</p>
<p class="hi0"><span style="font-family: 'dejavu sans mono'; font-size: 12pt;">lstrip()</span><span style="font-family: 'times new roman'; font-size: 13pt;"> (</span><span style="font-family: 'dejavu sans mono'; font-size: 12pt;">str</span><span style="font-family: 'times new roman'; font-size: 13pt;"> type)</span>, 93</p>
<h2>M</h2>
<p class="hi0">main windows vs. dialogs, 235</p>
<p class="hi0">memory, shared, 141</p>
<p class="hi0"><span style="font-family: 'dejavu sans mono'; font-size: 12pt;">Menu</span><span style="font-family: 'times new roman'; font-size: 13pt;"> (type; </span><span style="font-family: 'dejavu sans mono'; font-size: 12pt;">tkinter</span><span style="font-family: 'times new roman'; font-size: 13pt;"> module)</span>, 257<i>f</i>, <b>258</b><b>–</b><b>59</b></p>
<h2>N</h2>
<p class="hi0"><span style="font-family: 'dejavu sans mono'; font-size: 12pt;">now()</span><span style="font-family: 'times new roman'; font-size: 13pt;"> (</span><span style="font-family: 'dejavu sans mono'; font-size: 12pt;">datetime.datetime</span><span style="font-family: 'times new roman'; font-size: 13pt;"> type)</span>, 208–9, 213, 218, 226</p>
<p class="hi0">number, magic, 135</p>
<h2>O</h2>
<p class="hi0"><span style="font-family: 'dejavu sans mono'; font-size: 12pt;">-O</span><span style="font-family: 'times new roman'; font-size: 13pt;"> optimize flag</span>, 30</p>
<p class="hi0">operations, atomic, 143</p>
<h2>P</h2>
<p class="hi0">painting</p>
<p class="hi1">cylinders, 268</p>
<p class="hi1">lines, 130–31, 271</p>
<p class="hi1">spheres, 277</p>
<p class="hi1">windows, 267, 275</p>
<p class="hi0"><span style="font-family: 'dejavu sans mono'; font-size: 12pt;">@property</span><span style="font-family: 'times new roman'; font-size: 13pt;"> (built-in)</span>, 42, 44, 48, 54, 56, 58, 60, 104, 110, 115, 278</p>
<h2>Q</h2>
<p class="hi0"><span style="font-family: 'dejavu sans mono'; font-size: 12pt;">qsize()</span><span style="font-family: 'times new roman'; font-size: 13pt;"> (</span><span style="font-family: 'dejavu sans mono'; font-size: 12pt;">queue.Queue</span><span style="font-family: 'times new roman'; font-size: 13pt;"> type)</span>, 160</p>
<p class="hi0"><span style="font-family: 'dejavu sans mono'; font-size: 12pt;">queue</span><span style="font-family: 'times new roman'; font-size: 13pt;"> (module)</span></p>
<p class="hi1"><span style="font-family: 'dejavu sans mono'; font-size: 12pt;">Queue</span><span style="font-family: 'times new roman'; font-size: 13pt;"> (type)</span>, 156, 158</p>
<p class="hi2"><span style="font-family: 'dejavu sans mono'; font-size: 12pt;">get()</span>, 158</p>
<p class="hi2"><span style="font-family: 'dejavu sans mono'; font-size: 12pt;">join()</span>, 160–61</p>
<p class="hi2"><span style="font-family: 'dejavu sans mono'; font-size: 12pt;">put()</span>, 158</p>
<p class="hi2"><span style="font-family: 'dejavu sans mono'; font-size: 12pt;">qsize()</span>, 160</p>
<p class="hi2"><span style="font-family: 'dejavu sans mono'; font-size: 12pt;">task_done()</span>, 158</p>
<h2>R</h2>
<p class="hi0">real events, 242–43</p>
<p class="hi0">references</p>
<p class="hi1">function, 60–62, 70, 87 (<i>see</i> function; virtual events)</p>
<p class="hi1">image, 256</p>
<p class="hi1">object, 64–67</p>
<p class="hi0"><span style="font-family: 'dejavu sans mono'; font-size: 12pt;">remove()</span></p>
<p class="hi1"><span style="font-family: 'dejavu sans mono'; font-size: 12pt;">list</span><span style="font-family: 'times new roman'; font-size: 13pt;"> (type)</span>, 43</p>
<p class="hi1"><span style="font-family: 'dejavu sans mono'; font-size: 12pt;">os</span><span style="font-family: 'times new roman'; font-size: 13pt;"> (module)</span>, 217</p>
<p class="hi0">resizing, window, 269, 275</p>
<h2>S</h2>
<p class="hi0">sentinel, 96</p>
<p class="hi0">sequence unpacking, 13, 26, 30–31, 70, 109</p>
<p class="hi0">serialized access, 141–42, 143–44, 154</p>
<p class="hi0">SHA-256, 206</p>
<p class="hi0">shared data, 141, 143–44, 154</p>
<p class="hi0">shown &lt;furnace&gt;</p>
<p class="hi0">special methods. <i>See also</i> class: attributes</p>
<p class="hi1"><span style="font-family: 'dejavu sans mono'; font-size: 12pt;">__eq__()</span>, 48</p>
<p class="hi1"><span style="font-family: 'dejavu sans mono'; font-size: 12pt;">__len__()</span>, 99, 223</p>
<p class="hi1"><span style="font-family: 'dejavu sans mono'; font-size: 12pt;">__next__()</span>, 97</p>
<p class="hi1"><span style="font-family: 'dejavu sans mono'; font-size: 12pt;">__str__()</span>, 18</p>
<p class="hi0">sphere, painting, 277</p>
<p class="hi0">state-sensitive methods, 114–15</p>
<p class="hi0"><span style="font-family: 'dejavu sans mono'; font-size: 12pt;">@staticmethod</span><span style="font-family: 'times new roman'; font-size: 13pt;"> (built-in)</span>, 120, 121, 129, 133</p>
<p class="hi0">status bar, 260–61</p>
<p class="hi0"><span style="font-family: 'dejavu sans mono'; font-size: 12pt;">str</span><span style="font-family: 'times new roman'; font-size: 13pt;"> (type; built-in)</span>, 19–20, 66</p>
<p class="hi1"><span style="font-family: 'dejavu sans mono'; font-size: 12pt;">encode()</span>, 185, <b>186</b>, 190, <i>191</i>, 266</p>
<p class="hi1"><span style="font-family: 'dejavu sans mono'; font-size: 12pt;">endswith()</span>, 62, 120, 121</p>
<p class="hi1"><span style="font-family: 'dejavu sans mono'; font-size: 12pt;">format()</span>, 13, 21, 32, 37, 92, 109</p>
<p class="hi1"><span style="font-family: 'dejavu sans mono'; font-size: 12pt;">join()</span>, 15, 18, 87, <b>92</b>, 111, 122, 136</p>
<p class="hi1"><span style="font-family: 'dejavu sans mono'; font-size: 12pt;">lstrip()</span>, 93</p>
<p class="hi1"><span style="font-family: 'dejavu sans mono'; font-size: 12pt;">title()</span>, 20–21</p>
<p class="hi0">subscript<sub>3</sub>, 3</p>
<p class="hi0"><span style="font-family: 'dejavu sans mono'; font-size: 12pt;">sys</span><span style="font-family: 'times new roman'; font-size: 13pt;"> (module)</span></p>
<p class="hi1"><span style="font-family: 'dejavu sans mono'; font-size: 12pt;">executable</span>, 92, 216</p>
<p class="hi1"><span style="font-family: 'dejavu sans mono'; font-size: 12pt;">exit()</span>, 91</p>
<p class="hi1"><span style="font-family: 'dejavu sans mono'; font-size: 12pt;">modules</span><span style="font-family: 'times new roman'; font-size: 13pt;"> (dictionary)</span>, 22–23, 25</p>
<p class="hi1"><span style="font-family: 'dejavu sans mono'; font-size: 12pt;">path</span><span style="font-family: 'times new roman'; font-size: 13pt;"> (list)</span>, 126</p>
<p class="hi1"><span style="font-family: 'dejavu sans mono'; font-size: 12pt;">platform</span>, 85–86</p>
<h2>T</h2>
<p class="hi0">10 downing street, 10</p>
<p class="hi0">toolbar, 261–62</p>
<h2>U</h2>
<p class="hi0">unbound method, 63, 69, 70. <i>See also</i> function</p>
<p class="hi0">Unicode, 17, <b>20</b><b>–</b><b>21</b>, 131, 215, 243. <i>See also</i> UTF-8</p>
<p class="hi0">UTF-8, 17, 66, 121, 160, 182, 185, 243</p>
<h2>V</h2>
<p class="hi0">virtual events, 242–43</p>
<h2>W</h2>
<p class="hi0">windows</p>
<p class="hi1">and classes, 234</p>
<p class="hi1">dock, 261–62</p>
<p class="hi1">main, 255–62</p>
<p class="hi1">main vs. dialogs, 235</p>
<p class="hi1">modal, 236–37</p>
<p class="hi1">painting, 267, 275</p>
<p class="hi1">resizing, 269, 275</p>
<h2>X</h2>
<p class="hi0"><b>XBM</b> (image format), 39, 125, 136</p>
<p class="hi0">xref. <i>See also</i> class: dynamic creation</p>
<p class="hi0">xref #2. <i>See also</i> class: decorator</p>
<p class="hi0">xref #3. <i>See</i> class</p>
<h2>Y</h2>
<p class="hi0"><span style="font-family: 'dejavu sans mono'; font-size: 12pt;">yield</span><span style="font-family: 'times new roman'; font-size: 13pt;"> (statement)</span>, 44, 76–79, 100, 105, 139, 153, 160</p>
</body></html>
